error: expected identifier
 --> tests/ui/err/trace-interleaved.rs:4:9
  |
4 | #[trace(struct)]
  |         ^^^^^^
